// Jest Snapshot v1, https://goo.gl/fbAQLP

exports[`snapshot Audit 1`] = `
<div
  className="p-2 bg-info my-1 rounded"
>
  <br />
  <div
    className="row"
    style={
      Object {
        "alignItems": "center",
        "justifyContent": "center",
      }
    }
  >
    <div
      className="col-sm-3 offset-sm-0"
    >
      <button
        aria-label={null}
        className="btn btn-secondary"
        onClick={[Function]}
        type="button"
      >
         Retrieve audit request Logs 
      </button>
    </div>
    <div
      className="col-sm-3 offset-sm-1"
    >
      <button
        aria-label={null}
        className="btn btn-secondary"
        onClick={[Function]}
        type="button"
      >
         Retrieve search Logs 
      </button>
    </div>
    <div
      className="col-sm-3 offset-sm-1"
    >
      <button
        aria-label={null}
        className="btn btn-secondary"
        onClick={[Function]}
        type="button"
      >
         Retrieve user access Logs 
      </button>
    </div>
  </div>
  <div
    className="row"
  >
    <table
      className="table"
    />
  </div>
</div>
`;
