// Jest Snapshot v1, https://goo.gl/fbAQLP

exports[`snapshot navigation 1`] = `
<div>
  <nav
    className="navbar navbar-expand-md navbar-dark bg-dark"
  >
    <div
      className="col-md-4"
    >
      <ul
        className="ml-auto navbar-nav"
      >
        <li
          className="nav-item"
        >
          <a
            aria-current="page"
            className="nav-link active"
            href="/"
            onClick={[Function]}
            style={Object {}}
          >
            Home
          </a>
        </li>
        <li
          className="nav-item"
        >
          <a
            className="nav-link"
            onClick={[Function]}
            onMouseEnter={[Function]}
            onMouseLeave={[Function]}
          >
            Back
          </a>
        </li>
        <li
          className="nav-item"
        >
          <a
            aria-current={null}
            className="nav-link"
            href="/Results"
            onClick={[Function]}
          >
            Search Results
          </a>
        </li>
        <li
          className="nav-item"
        >
          <a
            aria-current={null}
            className="nav-link"
            href="/Audit"
            onClick={[Function]}
          >
            Audit
          </a>
        </li>
      </ul>
    </div>
    <div
      className="col-md-4"
    >
      <a
        aria-current="page"
        className="mx-auto navbar-brand active"
        href="/"
        onClick={[Function]}
        style={Object {}}
      >
        <img
          alt="Beholder logo"
          height="39"
          src="../logo.png"
          width="160"
        />
      </a>
    </div>
    <div
      className="col-md-4"
    >
      <button
        className="navbar-toggler"
        onClick={[Function]}
        type="button"
      >
        <span
          className="navbar-toggler-icon"
        />
      </button>
      <div
        className="collapse navbar-collapse"
        style={Object {}}
      >
        <ul
          className="ml-auto navbar-nav"
        >
          <li
            className="nav-item"
          >
            <a
              className="nav-link"
              href="/"
              onClick={[Function]}
            >
              Log Out
            </a>
          </li>
        </ul>
      </div>
    </div>
  </nav>
</div>
`;
